[    0.000000] Initializing cgroup subsys cpuset
[    0.000000] Initializing cgroup sbsys cpu
[    0.000000] Initializing cgroup subsys cpuacct
[    0.000000] Linux version 4.4.0-135-generic (buildd@lcy01-amd64-020) (gcc version 5.4.0 20160609 (Ubuntu 5.4.0-6ubuntu1~16.04.10) ) #161-Ubuntu  SMP Mon Aug 27 10:45:01 UTC 2018 (Ubuntu 4.4.0-135.161-generic 4.4.140)
[    0.000000] Command line: BOOT_IMAGE=/boot/vmlinuz-4.4.0-135-generic root=LABEL=cloudimg-rootfs ro console=tty1 console=ttyS0
[    0.000000] KERNEL supported cpus:
[    0.000000]   Intel GenuineIntel
[    0.000000]   AMD AuthenticAMD
[    0.000000]   Centaur CentaurHauls
[    0.000000] x86/fpu: xstate_offset[2]:  576, xstate_sizes[2]:  256
[    0.000000] x86/fpu: Supporting XSAVE feature 0x01: 'x87 floating point registers'
[    0.000000] x86/fpu: Supporting XSAVE feature 0x02: 'SSE registers'
[    0.000000] x86/fpu: Supporting XSAVE feature 0x04: 'AVX registers'
[    0.000000] x86/fpu: Enabled xstate features 0x7, context size is 832 bytes, using 'standard' format.
[    0.000000] e820: BIOS-provided physical RAM map:
[    0.000000] BIOS-e820: [mem 0x0000000000000000-0x000000000009fbff] usable
[   0.000000] BIOS-e820: [mm 0x000000000009fc00-0x000000000009ffff] reserved
[    0.000000] BIOS-e820: [mem 0x00000000000f0000-0x00000000000fffff] reserved
[    0.000000] BIOS-e820: [mem 0x0000000000100000-0x00000000dffeffff] usable
[    0.000000] BIOS-e820: [mem 0x00000000dffff0000-0x00000000dfffffff] ACPI data
[    0.000000] BIOS-e820: [mem 0x00000000fec00000-0x00000000fec00fff] reserved
[    0.000000] BIOS-e820: [mem 0x00000000fee00000-0x00000000fee00fff] reserved
[    0.000000] BIOS-e820: [mem 0x00000000fffc0000-0x00000000ffffffff] reserved
[    0.000000] BIOS-e820: [mem 0x0000000100000000-0x000000021fffffff] usable
[    0.000000] NX (Execute Disable) protection: active
[    0.000000] SMBIOS 2.5 present.
[    0.000000] Hypervisor detected: KVM
[    0.000000] e820: last_pfn = 0x220000 max_arch_pfn = 0x400000000
[    0.000000] MTRR: Disabled
[    0.000000] x86/PAT: MTRRs disabled, skipping PAT initlization too.
[    0.000000] CPU MTRRs all blank - virtualized system.
[    0.000000] x86/PAT: Configuration [0-7]: WB  WT  UC- UC  WB  WT  UC- UC  
[    0.000000] e820: last_pfn = 0xdfff0 max_arch_pfn = 0x400000000
[    0.000000] found SMP MP-table at [mem 0x0009fff0-0x0009ffff] mapped at [ffff88000009fff0]
[    0.000000] Scanning 1 areas for low memory corruption
[    0.000000] RAMDISK: [mem 0x36308000-0x37717bfff]
[    0.000000] ACPI: Early table checksum verification disabled
[    0.000000] ACPI: RSDP 0x00000000000E0000 000024 (v02 VBOX  )
[    0.000000] ACPI: XSDT 0x00000000DFFF0030 00003C (v01 VBOX   VBOXXSDT 00000001 ASL  00000061)
[    0.000000] ACPI: FACP 0x00000000DFFF00F0 0000F4 (v04 VBOX   VBOXFACP 00000001 ASL  00000061)
[    0.000000]CPI: DSDT 0x00000000DFFF0470 0021FF (v02 VBOX   VBOXBIOS 00000002 INTL 20100528)
[    0.000000] ACPI: FACS 0x00000000DFFF0200 000040
[    0.000000] ACPI: FACS 0x00000000DFFF0200 000040
[    0.000000] ACPI: APIC 0x00000000DFFF0240 00005C (v02 VBOX   VBOXAPIC 00000001 ASL  00000061)
[    0.000000] ACPI: SSDT 0x00000000DFFF02A0 0001CC (v01 VBOX   VBOXCPUT 00000002 INTL 20100528)
[    0.000000] No NUMA configuration found
[    0.000000] Faking a node at [mem 0x0000000000000000-0x000000021fffffff]
[    0.000000] NODE_DATA(0) allocated [mem 0x21fff5000-0x21fff9fff]
[    0.000000] kvm-clock: Using msrs 4b564d01 and 4b564d00
[    0.000000] kvm-clock: cpu 0, msr2:1ffed001, primary cpu clock
[    0.000000] kvm-clock: using sched offset of 6306731793 cycles
[    0.000000] clocksource: kvm-clock: mask: 0xffffffffffffffff max_cycles: 0x1cd42e4dffb, max_idle_ns: 881590591483 ns
[    0.000000] Zone ranges:
[    0.000000]   DMA      [mem 0x0000000000001000-0x0000000000ffffff]]
[    0.000000]   DMA32    [mem 0x0000000001000000-0x00000000ffffffff]
[    0.000000]   Normal   [mem 0x0000000100000000-0x000000021fffffff]
[    0.000000]   Device   empty
[    0.000000] Movable zone start for each node
[    0.000000] Early memory node ranges
[    0.000000]   node   0: [mem 0x0000000000001000-0x000000000009efff]
[    0.000000]   node   0: [mem 0x0000000000100000-0x00000000dffeffff]
[    0.000000]   node   0: [mem 0x0000000100000000-0x000000021fffffff]
[    0.000000] Initmem setup node 0 [mem 0x0000000000001000-0x000000021fffffff]
[   0.000000] ACPI: PM-Timer IO Port: 0x4008
[    0.000000] IOAPIC[0]: apic_id 2, version 32, address 0xfec00000, GSI 0-23
[    0.000000] ACPI: INT_SRC_OVR (bus 0 bus_irq 0 global_irq 2 dfl dfl)
[    0.000000] ACPI: INT_SRC_OVR (bus 0 bus_irq 9 global_irq 9 low level)
[    0.000000] Using ACPI (MADT) for SMP configuration information
[    0.000000] smpboot: Allowing 2 CPUs, 0 hotplug CPUs
[    0.000000] PM: Registered nosave memory: [mem 0x00000000-0x00000fff]
[    0.000000] PM: Registered nosave memory: [mem 0x0009f000-0x0009ffff]
[    0.000000] PM: Registered nosave memory: [mem 0x000a0000-0x000effff]
[    0.000000] PM: Registered nosave memory: [mem 0x000f0000-0x000fffff]
[    0.000000] PM: Registered nosave memory: [mem 0xdfff0000-0xdfffffff]
[    0.000000] PM: Registered nosave memory: [mem 0xe0000000-0xfebfffff]
[    0.000000] PM: Registered nosave memory: [mem 0xfec00000-0xfec00fff]
[    0.000000] PM: Registered nosave memory: [mem 0xfec01000-0xfedfffff]
[    0.00000] PM: Registered nosave memory: [mem 0xfee00000-0xfee00fff]
[    0.000000] PM: Registered nosave memory: [mem 0xfee01000-0xfffbffff]
[    0.000000] PM: Registered nosave memory: [mem 0xfffc0000-0xffffffff]
[    0.000000] e820: [mem 0xe0000000-0xfebfffff] available for PCI devices
[    0.000000] Booting paravirtualized kernel on KVM
[    0.000000] clocksource: refined-jiffies: mask: 0xffffffff max_cycles: 0xffffffff, max_idle_ns: 7645519600211568 ns
[    0.000000] setup_percpu: NR_CPUS:512 nr_cpumask_bits:512 nr_cpu_ids:2 nr_node_ids:1
[    0.000000] PERCPU: Embedded 34 pages/cpu @ffff88021fc00000 s9954 r8192 dd31528 u1048576
[    0.000000] PV qspinlock hash table entries: 256 (order: 0, 4096 bytes)
[    0.000000] Built 1 zonelists in Node order, mobility grouping on.  Total pages: 2064248
[    0.000000] Policy zone: Normal
[    0.000000] Kernel command line: BOOIMAGE=/boot/vmlinuz-4.4.0-135-generic root=LABEL=cloudimg-rootfs ro console=tty1 console=ttyS0
[    0.000000] PID hash table entries: 4096 (order: 3, 32768 bytes)
[    0.00000 Memory: 8156988K/8388152K available (8554K kernel code, 1314K rwdata, 4004K rodata, 1516K init, 1316K bss, 231164K reserved, 0K cma-reserved)
[    0.000000] SLUB: HWalign=64, Order=0-3, MinObjects=0, CPUs=2, Nodes=1
[    0.000000] Kerne/User page tables isolation: enabled
[    0.000000] Hierarchical RCU implementation.
[    0.000000] 	Build-time adjustment of leaf fanout to 64.
[    0.000000] 	RCU restricting CPUs from NR_CPUS=512 to nr_cpu_ids=2.
[    0.000000] RCU: Adjusting geometry for rcu_fanout_leaf=64, nr_cpu_ids=2
[    0.000000] NR_IRQS:33024 nr_irqs:440 16
[    0.000000] Console: colour VGA+ 80x25
[    0.00000 console [tty1] enabled
[    0.000000] cconsole [ttyS0] enabled
[    0.000000] tsc: Detected 2800.000 MHz processor
[    2.003132] Calibrating delay loop (skipped) preset value.. 5600.00 BogoMIPS (lpj=11200000)
[    2.029407] pid_max: default: 32768 minimum: 301
[    2.044734] ACPI: Core revision 20150930
[    2.054039] ACPI: 2 ACPI AML tables successfully acquired and loaded
[    2.127393] Security Framework initialized
[    2.131352] Yama: becoming mindful.
[    2.133494] AppArmor: AppArmor initialized
[    2.139689] Dentry cache hash table entries: 1048576 (order: 11, 8388608 bytes)
[    2.255657] Inode-cache hash table entries: 524288 (order: 10, 4194304 bytes)
[    2.317000] Mount-cache hash table entries: 16384 (order: 5, 131072 bytes)
[    2.326377] Mountpoint-cache hash table entries: 16384 (order: 5, 131072 bytes)
[    2.332273] Initializing cgroup subsys io
[    2.334558] Initializing cgroup subsys memory
[    2.336675] Initializing cgroup subsys devices
[    2.340132] Initializing cgroup subsys freezer
[    2.342721] Initializing cgroup subsys net_cls
[    2.344827] Initializing cgroup subsys perf_event
[    2.346586] Initializing cgroup subsys net_prio
[    2.348687] Initializing cgroup subsys hugetlb
[    2.350419] Initializing cgroup subsys pids
[    2.353180] mce: CPU supports 0 MCE banks
[    2.410495] Last level iTLB entries: 4KB 1024, 2MB 1024, 4MB 1024
[    2.420379] Last level dTLB entries: 4KB 1024, 2MB 1024, 4MB 1024, 1GB 4
[    2.423464] Spectre V2 : Mitigation: Full generic retpoline
[    2.426142] Spectre V2 : Speculation control IBPB not-supported IBRS not-supported
[    2.429595] Speculative Store Bypass: Vulnerable
[    2.434543] Freeing SMP alternatives memory: 32K
[    2.444441] ftrace: allocating 32266 entries in 127 pages
[    2.614353] smpboot: APIC(0) Converting physical 0 to logical package 0
[    2.618182] smpboot: Max logical packages: 1
[    2.621905] x2apic enabled
[    2.623842] Switched APIC routing to physical x2apic.
[    2.627884] ..TIMER: vector=0x30 apic1=0 pin1=2 apic2=-1 pin2=-1
[    2.821361] APIC calibration not consistent with PM-Timer: 183ms instead of 100ms
[    2.825301] APIC delta adjusted to PM-Timer: 6246568 (11443666)
[    2.827752] smpboot: CPU0: Intel(R) Core(TM) i7-4558U CPU @ 2.80GHz (family: 0x6, model: 0x45, stepping: 0x1)
[    2.832338] Performance Events: unsupported p6 CPU model 69 no PMU driver, software events only.
[    2.835935] KVM setup paravirtual spinlock
[    2.838379] x86: Booting SMP configuration:
[    2.840088] .... node  #0, CPUs:      #1
[    2.842525] kvm-clock: cpu 1, msr 2:1ffed041, secondary cpu clock
[    2.845922] mce: CPU supports 0 MCE banks
[    2.849630] x86: Booted up 1 node, 2 CPUs
[    2.852366] smpboot: Total of 2 processors activated (11200.00 BogoMIPS)
[    2.856683] devtmpfs: initialized
[    2.860284] evm: security.selinux
[    2.862441] evm: security.SMACK64
[    2.864580] evm: security.SMACK64EXEC
[    2.866656] evm: security.SMACK64TRANSMUTE
[    2.930712] evm: security.SMACK64MMAP
[    2.932989] evm: security.ima
[    2.934797] evm: security.capability
[    2.936913] clocksource: jiffies: mask: 0xffffffff max_cycles: 0xffffffff, max_idle_ns: 7645041785100000 ns
[    2.940777] futex hash table entries: 512 (order: 3, 32768 bytes)
[    2.949171] pinctrl core: initialized pinctrl subsystem
[    2.957892] RTC time: 19:39:18, date: 05/24/19
[    2.962520] NET: Registered protocol family 16
[    2.976443] cpuidle: using governor ladder
[    2.991993] cpuidle: using governor menu
[    2.994340] PCCT header not found.
[    2.995922] ACPI: bus type PCI registered
[    3.026064] acpiphp: ACPI Hot Plug PCI Controller Driver version: 0.5
[    3.031105] PCI: Using configuration type 1 for base access
[    3.050021] ACPI: Added _OSI(Module Device)
[    3.053071] ACPI: Added _OSI(Processor Device)
[    3.055766] ACPI: Added _OSI(3.0 _SCP Extensions)
[    3.057927] ACPI: Added _OSI(Processor Aggregator Device)
[    3.060919] ACPI: Executed 1 blocks of module-level executable AML code
[    3.066252] ACPI: Interpreter enabled
[    3.068710] ACPI: (supports S0 S5)
[    3.070657] ACPI: Using IOAPIC for interrupt routing
[    3.073760] PCI: Using host bridge windows from ACPI; if necessary, use "pci=nocrs" and report a bug
[    3.083408] ACPI: PCI Root Bridge [PCI0] (domain 0000 [bus 00-ff])
[    3.086759] acpi PNP0A03:00: _OSC: OS supports [ASPM ClockPM Segments MSI]
[    3.129609] acpi PNP0A03:00: _OSC: not requesting OS control; OS requires [ExtendedConfig ASPM ClockPM MSI]
[    3.135104] acpi PNP0A03:00: fail to add MMCONFIG information, can't access extended PCI configuration space under this bridge.
[    3.149353] PCI host bridge to bus 0000:00
[    3.152641] pci_bus 0000:00: root bus resource [io  0x0000-0x0cf7 window]
[    3.156295] pci_bus 0000:00: root bus resource [io  0x0d00-0xffff window]
[    3.160196] pci_bus 0000:00: root bus resource [mem 0x000a0000-0x000bffff window]
[    3.172181] pci_bus 0000:00: root bus resource [mem 0xe0000000-0xfdffffff window]
[    3.178103] pci_bus 0000:00: root bus resource [bus 00-ff]
[    3.241655] pci 0000:00:01.1: legacy IDE quirk: reg 0x10: [io  0x01f0-0x01f7]
[    3.246258] pci 0000:00:01.1: legacy IDE quirk: reg 0x14: [io  0x03f6]
[    3.256253] pci 0000:00:01.1: legacy IDE quirk: reg 0x18: [io  0x0170-0x0177]
[    3.260582] pci 0000:00:01.1: legacy IDE quirk: reg 0x1c: [io  0x0376]
[    3.393842] pci 0000:00:07.0: quirk: [io  0x4000-0x403f] claimed by PIIX4 ACPI
[    3.406282] pci 0000:00:07.0: quirk: [io  0x4100-0x410f] claimed by PIIX4 SMB
[    3.710578] ACPI: PCI Interrupt Link [LNKA] (IRQs 5 9 10 *11)
[    3.726448] ACPI: PCI Interrupt Link [LNKB] (IRQs 5 9 *10 11)
[    3.747068] ACPI: PCI Interrupt Link [LNKC] (IRQs 5 *9 10 11)
[    3.760115] ACPI: PCI Interrupt Link [LNKD] (IRQs 5 9 10 *11)
[    3.803820] ACPI: Enabled 2 GPEs in block 00 to 07
[    3.827074] vgaarb: setting as boot device: PCI:0000:00:02.0
[    3.856165] vgaarb: device added: PCI:0000:00:02.0,decodes=io+mem,owns=io+mem,locks=none
[    3.898148] vgaarb: loaded
[    3.899903] vgaarb: bridge control possible 0000:00:02.0
[    3.904452] SCSI subsystem initialized
[    3.907914] ACPI: bus type USB registered
[    3.911441] usbcore: registered new interface driver usbfs
[    3.914167] usbcore: registered new interface driver hub
[    3.920162] usbcore: registered new device driver usb
[    3.924863] PCI: Using ACPI for IRQ routing
[    3.933290] NetLabel: Initializing
[    3.937150] NetLabel:  domain hash size = 128
[    3.941374] NetLabel:  protocols = UNLABELED CIPSOv4
[    3.990362] NetLabel:  unlabeled traffic allowed by default
[    3.995218] amd_nb: Cannot enumerate AMD northbridges
[    3.998852] clocksource: Switched to clocksource kvm-clock
[    4.019083] AppArmor: AppArmor Filesystem Enabled
[    4.022235] pnp: PnP ACPI init
[    4.026063] pnp: PnP ACPI: found 3 devices
[    4.033634] clocksource: acpi_pm: mask: 0xffffff max_cycles: 0xffffff, max_idle_ns: 2085701024 ns
[    4.041897] NET: Registered protocol family 2
[    4.044419] TCP established hash table entries: 65536 (order: 7, 524288 bytes)
[    4.109429] TCP bind hash table entries: 65536 (order: 8, 1048576 bytes)
[    4.116270] TCP: Hash tables configured (established 65536 bind 65536)
[    4.131168] UDP hash table entries: 4096 (order: 5, 131072 bytes)
[    4.137943] UDP-Lite hash table entries: 4096 (order: 5, 131072 bytes)
[    4.142660] NET: Registered protocol family 1
[    4.146456] pci 0000:00:00.0: Limiting direct PCI/PCI transfers
[    4.149515] pci 0000:00:01.0: Activating ISA DMA hang workarounds
[    4.157706] Unpacking initramfs...
[    4.730158] Freeing initrd memory: 14800K
[    4.732802] PCI-DMA: Using software bounce buffering for IO (SWIOTLB)
[    4.750875] software IO TLB [mem 0xdbff0000-0xdfff0000] (64MB) mapped at [ffff8800dbff0000-ffff8800dffeffff]
[    4.816525] RAPL PMU detected, API unit is 2^-32 Joules, 4 fixed counters 10737418240 ms ovfl timer
[    4.823658] hw unit of domain pp0-core 2^-0 Joules
[    4.825619] hw unit of domain package 2^-0 Joules
[    4.828016] hw unit of domain dram 2^-0 Joules
[    4.830568] hw unit of domain pp1-gpu 2^-0 Joules
[    4.833704] platform rtc_cmos: registered platform RTC device (no PNP device found)
[    4.837664] Scanning for low memory corruption every 60 seconds
[    4.840644] audit: initializing netlink subsys (disabled)
[    4.842818] audit: type=2000 audit(1558726766.257:1): initialized
[    4.845271] Initialise system trusted keyring
[    4.847140] HugeTLB registered 2 MB page size, pre-allocated 0 pages
[    4.851419] zbud: loaded
[    4.853467] VFS: Disk quotas dquot_6.6.0
[    4.855958] VFS: Dquot-cache hash table entries: 512 (order 0, 4096 bytes)
[    4.859700] squashfs: version 4.0 (2009/01/31) Phillip Lougher
[    4.864916] fuse init (API version 7.23)
[    4.916598] Key type big_key registered
[    4.925597] Allocating IMA MOK and blacklist keyrings.
[    4.933201] Key type asymmetric registered
[    4.937636] Asymmetric key parser 'x509' registered
[    4.941585] Block layer SCSI generic (bsg) driver version 0.4 loaded (major 249)
[    4.947934] io scheduler noop registered
[    4.958206] io scheduler deadline registered (default)
[    4.962916] io scheduler cfq registered
[    5.042848] pci_hotplug: PCI Hot Plug PCI Core version: 0.5
[    5.045959] pciehp: PCI Express Hot Plug Controller Driver version: 0.4
[    5.049553] ACPI: AC Adapter [AC] (on-line)
[    5.055469] input: Power Button as /devices/LNXSYSTM:00/LNXPWRBN:00/input/input0
[    5.059904] ACPI: Power Button [PWRF]
[    5.062028] input: Sleep Button as /devices/LNXSYSTM:00/LNXSLPBN:00/input/input1
[    5.067275] ACPI: Sleep Button [SLPF]
[    5.127468] GHES: HEST is not enabled!
[    5.129020] ACPI: Battery Slot [BAT0] (battery present)
[    5.134360] Serial: 8250/16550 driver, 32 ports, IRQ sharing enabled
[    5.227264] 00:02: ttyS0 at I/O 0x3f8 (irq = 4, base_baud = 115200) is a 16550A
[    5.232603] Linux agpgart interface v0.103
[    5.246778] loop: module loaded
[    5.249568] scsi host0: ata_piix
[    5.258909] scsi host1: ata_piix
[    5.263554] ata1: PATA max UDMA/33 cmd 0x1f0 ctl 0x3f6 bmdma 0xd000 irq 14
[    5.266997] ata2: PATA max UDMA/33 cmd 0x170 ctl 0x376 bmdma 0xd008 irq 15
[    5.332517] libphy: Fixed MDIO Bus: probed
[    5.335090] tun: Universal TUN/TAP device driver, 1.6
[    5.337832] tun: (C) 1999-2004 Max Krasnyansky <maxk@qualcomm.com>
[    5.340723] PPP generic driver version 2.4.2
[    5.343173] ehci_hcd: USB 2.0 'Enhanced' Host Controller (EHCI) Driver
[    5.346096] ehci-pci: EHCI PCI platform driver
[    5.348193] ehci-platform: EHCI generic platform driver
[    5.350556] ohci_hcd: USB 1.1 'Open' Host Controller (OHCI) Driver
[    5.358167] ohci-pci: OHCI PCI platform driver
[    5.359889] ohci-platform: OHCI generic platform driver
[    5.361958] uhci_hcd: USB Universal Host Controller Interface driver
[    5.370895] i8042: PNP: PS/2 Controller [PNP0303:PS2K,PNP0f03:PS2M] at 0x60,0x64 irq 1,12
[    5.374891] serio: i8042 KBD port at 0x60,0x64 irq 1
[    5.376719] serio: i8042 AUX port at 0x60,0x64 irq 12
[    5.430818] mousedev: PS/2 mouse device common for all mice
[    5.443938] rtc_cmos rtc_cmos: rtc core: registered rtc_cmos as rtc0
[    5.447405] rtc_cmos rtc_cmos: alarms up to one day, 114 bytes nvram
[    5.450207] i2c /dev entries driver
[    5.453339] input: AT Translated Set 2 keyboard as /devices/platform/i8042/serio0/input/input2
[    5.457994] device-mapper: uevent: version 1.0.3
[    5.460223] device-mapper: ioctl: 4.34.0-ioctl (2015-10-28) initialised: dm-devel@redhat.com
[    5.463498] ledtrig-cpu: registered to indicate activity on CPUs
[    5.466376] NET: Registered protocol family 10
[    5.470913] NET: Registered protocol family 17
[    5.473586] Key type dns_resolver registered
[    5.476061] registered taskstats version 1
[    5.478004] Loading compiled-in X.509 certificates
[    5.535629] Loaded X.509 cert 'Build time autogenerated kernel key: b7189ebc996fd79c52efc1226b6676b25e4f6a2d'
[    5.540838] zswap: loaded using pool lzo/zbud
[    5.545022] Key type trusted registered
[    5.550693] Key type encrypted registered
[    5.554390] AppArmor: AppArmor sha1 policy hashing enabled
[    5.557015] ima: No TPM chip found, activating TPM-bypass!
[    5.559824] ima: Allocated hash algorithm: sha1
[    5.562356] evm: HMAC attrs: 0x1
[    5.564320]   Magic number: 3:945:698
[    5.565861] rtc_cmos rtc_cmos: setting system clock to 2019-05-24 19:39:20 UTC (1558726760)
[    5.572011] BIOS EDD facility v0.16 2004-Jun-25, 0 devices found
[    5.575022] EDD information not available.
[    5.583646] Freeing unused kernel memory: 1516K
[    5.643542] Write protecting the kernel read-only data: 14336k
[    5.647356] Freeing unused kernel memory: 1672K
[    5.649922] Freeing unused kernel memory: 92K
Loading, please wait...
starting version 229
[    5.683221] random: systemd-udevd: uninitialized urandom read (16 bytes read, 3 bits of entropy available)
[    5.684621] random: udevadm: uninitialized urandom read (16 bytes read, 3 bits of entropy available)
[    5.684647] random: udevadm: uninitialized urandom read (16 bytes read, 3 bits of entropy available)
[    5.696420] random: udevadm: uninitialized urandom read (16 bytes read, 3 bits of entropy available)
[    5.696459] random: udevadm: uninitialized urandom read (16 bytes read, 3 bits of entropy available)
[    5.696574] random: udevadm: uninitialized urandom read (16 bytes read, 3 bits of entropy available)
[    5.696618] random: udevadm: uninitialized urandom read (16 bytes read, 3 bits of entropy available)
[    5.696658] random: udevadm: uninitialized urandom read (16 bytes read, 3 bits of entropy available)
[    5.696698] random: udevadm: uninitialized urandom read (16 bytes read, 3 bits of entropy available)
[    5.696834] random: udevadm: uninitialized urandom read (16 bytes read, 3 bits of entropy available)
[    5.879078] tsc: Refined TSC clocksource calibration: 2800.631 MHz
[    5.890647] clocksource: tsc: mask: 0xffffffffffffffff max_cycles: 0x285e94c3cb0, max_idle_ns: 440795266182 ns
[    5.970454] Fusion MPT base driver 3.04.20
[    5.975333] Copyright (c) 1999-2008 LSI Corporation
[    5.977936] e1000: Intel(R) PRO/1000 Network Driver - version 7.3.21-k8-NAPI
[    5.988110] e1000: Copyright (c) 1999-2006 Intel Corporation.
[    6.065560] Fusion MPT SPI Host driver 3.04.20
[    6.169354] AVX2 version of gcm_enc/dec engaged.
[    6.177109] AES CTR mode by8 optimization enabled
[    6.363460] input: ImExPS/2 Generic Explorer Mouse as /devices/platform/i8042/serio1/input/input4
[    7.046058] e1000 0000:00:03.0 eth0: (PCI:33MHz:32-bit) 02:09:ed:a5:b0:a8
[    7.138940] e1000 0000:00:03.0 eth0: Intel(R) PRO/1000 Network Connection
[    7.196701] mptbase: ioc0: Initiating bringup
[    7.197970] e1000 0000:00:03.0 enp0s3: renamed from eth0
[    7.279354] ioc0: LSI53C1030 A0: Capabilities={Initiator}
[    7.447480] scsi host2: ioc0: LSI53C1030 A0, FwRev=00000000h, Ports=1, MaxQ=256, IRQ=20
[    7.563544] scsi 2:0:0:0: Direct-Access     VBOX     HARDDISK         1.0  PQ: 0 ANSI: 5
[    7.568264] scsi target2:0:0: Beginning Domain Validation
[    7.576746] scsi target2:0:0: Domain Validation skipping write tests
[    7.579117] scsi target2:0:0: Ending Domain Validation
[    7.581054] scsi target2:0:0: asynchronous
[    7.680016] scsi 2:0:1:0: Direct-Access     VBOX     HARDDISK         1.0  PQ: 0 ANSI: 5
[    7.684021] scsi target2:0:1: Beginning Domain Validation
[    7.688371] scsi target2:0:1: Domain Validation skipping write tests
[    7.690759] scsi target2:0:1: Ending Domain Validation
[    7.693288] scsi target2:0:1: asynchronous
[    7.708087] sd 2:0:0:0: [sda] 104857600 512-byte logical blocks: (53.7 GB/50.0 GiB)
[    7.712073] sd 2:0:0:0: Attached scsi generic sg0 type 0
[    7.766410] sd 2:0:0:0: [sda] Write Protect is off
[    7.769851] sd 2:0:0:0: [sda] Incomplete mode parameter data
[    7.772415] sd 2:0:0:0: [sda] Assuming drive cache: write through
[    7.776016] sd 2:0:1:0: [sdb] 20480 512-byte logical blocks: (10.5 MB/10.0 MiB)
[    7.779318] sd 2:0:1:0: [sdb] Write Protect is off
[    7.781277] sd 2:0:1:0: Attached scsi generic sg1 type 0
[    7.783288] sd 2:0:1:0: [sdb] Incomplete mode parameter data
[    7.785332] sd 2:0:1:0: [sdb] Assuming drive cache: write through
[    7.794661]  sda: sda1
[    7.797642] sd 2:0:0:0: [sda] Attached SCSI disk
[    7.799142] sd 2:0:1:0: [sdb] Attached SCSI disk
Begin: Loading essential drivers ... [    9.757329] md: linear personality registered for level -1
[    9.769179] md: multipath personality registered for level -4
[    9.777952] md: raid0 personality registered for level 0
[    9.787906] md: raid1 personality registered for level 1
[    9.913857] raid6: sse2x1   gen()  4080 MB/s
[   10.016906] raid6: sse2x1   xor()  2091 MB/s
[   10.118921] raid6: sse2x2   gen()  8341 MB/s
[   10.221607] raid6: sse2x2   xor()  6160 MB/s
[   10.325942] raid6: sse2x4   gen()  9817 MB/s
[   10.428611] raid6: sse2x4   xor()  7204 MB/s
[   10.529839] raid6: avx2x1   gen() 12567 MB/s
[   10.633862] raid6: avx2x2   gen() 15818 MB/s
[   10.735888] raid6: avx2x4   gen() 16405 MB/s
[   10.738516] raid6: using algorithm avx2x4 gen() 16405 MB/s
[   10.741472] raid6: using avx2x2 recovery algorithm
[   10.745038] xor: automatically using best checksumming function:
[   10.787182]    avx       : 28416.000 MB/sec
[   10.792277] async_tx: api initialized (async)
[   10.818469] md: raid6 personality registered for level 6
[   10.823004] md: raid5 personality registered for level 5
[   10.827363] md: raid4 personality registered for level 4
[   10.853038] md: raid10 personality registered for level 10
done.
Begin: Running /scripts/init-premount ... done.
Begin: Mounting root file system ... Begin: Running /scripts/local-top ... done.
Begin: Running /scripts/local-premount ... [   10.949390] Btrfs loaded
Scanning for Btrfs filesystems
done.
Warning: fsck not present, so skipping root file system
[   10.985268] EXT4-fs (sda1): mounted filesystem with ordered data mode. Opts: (null)
done.
Begin: Running /scripts/local-bottom ... done.
Begin: Running /scripts/init-bottom ... done.
[   11.115834] systemd[1]: systemd 229 running in system mode. (+PAM +AUDIT +SELINUX +IMA +APPARMOR +SMACK +SYSVINIT +UTMP +LIBCRYPTSETUP +GCRYPT +GNUTLS +ACL +XZ -LZ4 +SECCOMP +BLKID +ELFUTILS +KMOD -IDN)
[   11.158620] systemd[1]: Detected virtualization oracle.
[   11.160649] systemd[1]: Detected architecture x86-64.

Welcome to [1mUbuntu 16.04.5 LTS[0m!

[   11.168348] systemd[1]: Set hostname to <ubuntu>.
[   11.172446] systemd[1]: Initializing machine ID from random generator.
[   11.174834] systemd[1]: Installed transient /etc/machine-id file.
[   11.395549] systemd[1]: Started Trigger resolvconf update for networkd DNS.
[[0;32m  OK  [0m] Started Trigger resolvconf update for networkd DNS.
[   11.402269] systemd[1]: Listening on /dev/initctl Compatibility Named Pipe.
[[0;32m  OK  [0m] Listening on /dev/initctl Compatibility Named Pipe.
[   11.410581] systemd[1]: Reached target Swap.
[[0;32m  OK  [0m] Reached target Swap.
[   11.462570] systemd[1]: Listening on Journal Socket (/dev/log).
[[0;32m  OK  [0m] Listening on Journal Socket (/dev/log).
[   11.471244] systemd[1]: Listening on Journal Socket.
[[0;32m  OK  [0m] Listening on Journal Socket.
[   11.477472] systemd[1]: Started Forward Password Requests to Wall Directory Watch.
[[0;32m  OK  [0m] Started Forward Password Requests to Wall Directory Watch.
[   11.486711] systemd[1]: Listening on Device-mapper event daemon FIFOs.
[[0;32m  OK  [0m] Listening on Device-mapper event daemon FIFOs.
[   11.494094] systemd[1]: Created slice User and Session Slice.
[[0;32m  OK  [0m] Created slice User and Session Slice.
[   11.499683] systemd[1]: Listening on Journal Audit Socket.
[[0;32m  OK  [0m] Listening on Journal Audit Socket.
[   11.510356] systemd[1]: Listening on LVM2 poll daemon socket.
[[0;32m  OK  [0m] Listening on LVM2 poll daemon socket.
[   11.567587] systemd[1]: Listening on udev Control Socket.
[[0;32m  OK  [0m] Listening on udev Control Socket.
[   11.574472] systemd[1]: Reached target User and Group Name Lookups.
[[0;32m  OK  [0m] Reached target User and Group Name Lookups.
[   11.580887] systemd[1]: Listening on udev Kernel Socket.
[[0;32m  OK  [0m] Listening on udev Kernel Socket.
[   11.586727] systemd[1]: Reached target System Time Synchronized.
[[0;32m  OK  [0m] Reached target System Time Synchronized.
[   11.592785] systemd[1]: Listening on Syslog Socket.
[[0;32m  OK  [0m] Listening on Syslog Socket.
[   11.598471] systemd[1]: Created slice System Slice.
[[0;32m  OK  [0m] Created slice System Slice.
[   11.619886] systemd[1]: Starting Set console keymap...
         Starting Set console keymap...
[   11.629531] systemd[1]: Starting Nameserver information manager...
         Starting Nameserver information manager...
[   11.671251] systemd[1]: Reached target Slices.
[[0;32m  OK  [0m] Reached target Slices.
[   11.677522] systemd[1]: Starting Journal Service...
         Starting Journal Service...
[   11.685474] systemd[1]: Starting Load Kernel Modules...
         Starting Load Kernel Modules...
[   11.694328] systemd[1]: Starting Remount Root and Kernel File Systems...
         Starting Remount Root and Kernel File Systems...
[   11.710344] Loading iSCSI transport class v2.0-870.
[   11.714323] systemd[1]: Mounting POSIX Message Queue File System...
[   11.717039] EXT4-fs (sda1): re-mounted. Opts: (null)
         Mounting POSIX Message Queue File System...
[   11.773661] systemd[1]: Mounting Debug File System...
         Mounting Debug File System...
[   11.783507] systemd[1]: Set up automount Arbitrary Executable File Formats File System Automount Point.
[[0;32m  OK  [0m] Set up automount Arbitrary Executab...ats File System Automount Point.
[   11.797699] systemd[1]: Mounting Huge Pages File System...
         Mounting Huge Pages File System...
[   11.803305] systemd[1]: Starting Uncomplicated firewall...
         Starting Uncomplicated firewall...
[   11.809507] systemd[1]: Listening on LVM2 metadata daemon socket.
[[0;32m  OK  [0m] Listening on LVM2 metadata daemon socket.
[   11.817180] systemd[1]: Starting Monitoring of LVM2 mirrors, snapshots etc. using dmeventd or progress polling...
         Starting Monitoring of LVM2 mirrors... dmeventd or progress polling...
[   11.882386] systemd[1]: Created slice system-serial\x2dgetty.slice.
[[0;32m  OK  [0m] Created slice system-serial\x2dgetty.slice.
[   11.891989] systemd[1]: Starting Create list of required static device nodes for the current kernel...
         Starting Create list of required st... nodes for the current kernel...
[   11.899915] systemd[1]: Reached target Encrypted Volumes.
[[0;32m  OK  [0[   11.928330] iscsi: registered transport (tcp)
m] Reached target Encrypted Volumes.
[   12.029612] systemd[1]: Mounted POSIX Message Queue File System.
[[0;32m  OK  [0m] Mounted POSIX Message Queue File System.
[   12.039955] systemd[1]: Mounted Debug File System.
[[0;32m  OK  [0m] Mounted Debug File System.
[   12.046165] systemd[1]: Mounted Huge Pages File System.
[[0;32m  OK  [0m] Mounted Huge Pages File System.
[   12.064398] systemd[1]: Started Journal Service.
[[0;32m  OK  [0m] [   12.069149] iscsi: registered transport (iser)
Started Journal Service.
[[0;32m  OK  [0m] Started Set console keymap.
[[0;32m  OK  [0m] Started Load Kernel Modules.
[[0;32m  OK  [0m] Started Remount Root and Kernel File Systems.
[[0;32m  OK  [0m] Started Uncomplicated firewall.
[[0;32m  OK  [0m] Started Create list of required sta...ce nodes for the current kernel.
[   12.122523] random: nonblocking pool is initialized
[[0;32m  OK  [0m] Started Nameserver information manager.
[[0;32m  OK  [0m] Started LVM2 metadata daemon.
         Starting Create Static Device Nodes in /dev...
         Starting udev Coldplug all Devices...
         Starting Load/Save Random Seed...
         Mounting FUSE Control File System...
         Starting Apply Kernel Variables...
         Starting Flush Journal to Persistent Storage...
[[0;32m  OK  [0m] Mounted FUSE Control File System.
[[0;32m  OK  [0m] Started Create Static Device Nodes in /dev.
[[0;32m  OK  [0m] Started Load/Save Random Seed.
[[0;32m  OK  [0m] Started Apply Kernel Variables.
[[0;32m  OK  [0m] Started udev Coldplug all Devices.
[[0;32m  OK  [0m] Started Flush Journal to Persistent Storage.
         Starting udev Kernel Device Manager...
[[0;32m  OK  [0m] Started udev Kernel Device Manager.
[[0;32m  OK  [0m] Started Dispatch Password Requests to Console Directory Watch.
[[0;32m  OK  [0m] Started Monitoring of LVM2 mirrors,...ng dmeventd or progress polling.
[[0;32m  OK  [0m] Reached target Local File Systems (Pre).
[[0;32m  OK  [0m] Reached target Local File Systems.
         Starting Commit a transient machine-id on disk...
         Starting Initial cloud-init job (pre-networking)...
         Starting Set console font and keymap...
         Starting Create Volatile Files and Directories...
         Starting LSB: AppArmor initialization...
         Starting Tell Plymouth To Write Out Runtime Data...
[[0;32m  OK  [0m] Started Create Volatile Files and Directories.
[[0;32m  OK  [0m] Started Tell Plymouth To Write Out Runtime Data.
[[0;32m  OK  [0m] Started Commit a transient machine-id on disk.
[[0;32m  OK  [0m] Found device /dev/ttyS0.
         Starting Update UTMP about System Boot/Shutdown...
[[0;32m  OK  [0m] Listening on Load/Save RF Kill Switch Status /dev/rfkill Watch.
[[0;32m  OK  [0m] Started Update UTMP about System Boot/Shutdown.
[[0;32m  OK  [0m] Started LSB: AppArmor initialization.
[   12.379235] cloud-init[490]: Cloud-init v. 18.3-9-g2e62cb8a-0ubuntu1~16.04.2 running 'init-local' at Fri, 24 May 2019 19:39:29 +0000. Up 11.97 seconds.
[[0;32m  OK  [0m] Started Initial cloud-init job (pre-networking).
[[0;32m  OK  [0m] Reached target Network (Pre).
         Starting Raise network interfaces...
[[0;32m  OK  [0m] Started Set console font and keymap.
[[0;32m  OK  [0m] Created slice system-getty.slice.
[[0;32m  OK  [0m] Started Raise network interfaces.
         Starting Initial cloud-init job (metadata service crawler)...
[[0;32m  OK  [0m] Reached target Network.
[   15.385576] cloud-init[924]: Cloud-init v. 18.3-9-g2e62cb8a-0ubuntu1~16.04.2 running 'init' at Fri, 24 May 2019 19:39:32 +0000. Up 14.13 seconds.
[   15.432183] cloud-init[924]: ci-info: +++++++++++++++++++++++++++++++++++++Net device info++++++++++++++++++++++++++++++++++++++
[   15.447882] cloud-init[924]: ci-info: +--------+------+---------------------------+---------------+--------+-------------------+
[   15.457552] cloud-init[924]: ci-info: | Device |  Up  |          Address          |      Mask     | Scope  |     Hw-Address    |
[   15.469622] cloud-init[924]: ci-info: +--------+------+---------------------------+---------------+--------+-------------------+
[   15.480084] cloud-init[924]: ci-info: | enp0s3 | True |         10.0.2.15         | 255.255.255.0 | global | 02:09:ed:a5:b0:a8 |
[   15.534895] cloud-init[924]: ci-info: | enp0s3 | True | fe80::9:edff:fea5:b0a8/64 |       .       |  link  | 02:09:ed:a5:b0:a8 |
[   15.554349] cloud-init[924]: ci-info: |   lo   | True |         127.0.0.1         |   255.0.0.0   |  host  |         .         |
[   15.566849] cloud-init[924]: ci-info: |   lo   | True |          ::1/128          |       .       |  host  |         .         |
[   15.581013] cloud-init[924]: ci-info: +--------+------+---------------------------+---------------+--------+-------------------+
[   15.627153] cloud-init[924]: ci-info: +++++++++++++++++++++++++++Route IPv4 info++++++++++++++++++++++++++++
[   15.636538] cloud-init[924]: ci-info: +-------+-------------+----------+---------------+-----------+-------+
[   15.652694] cloud-init[924]: ci-info: | Route | Destination | Gateway  |    Genmask    | Interface | Flags |
[   15.663363] cloud-init[924]: ci-info: +-------+-------------+----------+---------------+-----------+-------+
[   15.670765] cloud-init[924]: ci-info: |   0   |   0.0.0.0   | 10.0.2.2 |    0.0.0.0    |   enp0s3  |   UG  |
[   15.677269] cloud-init[924]: ci-info: |   1   |   10.0.2.0  | 0.0.0.0  | 255.255.255.0 |   enp0s3  |   U   |
[   15.736425] cloud-init[924]: ci-info: +-------+-------------+----------+---------------+-----------+-------+
[   15.750024] cloud-init[924]: ci-info: +++++++++++++++++++Route IPv6 info+++++++++++++++++++
[   15.757131] cloud-init[924]: ci-info: +-------+-------------+---------+-----------+-------+
[   15.777347] cloud-init[924]: ci-info: | Route | Destination | Gateway | Interface | Flags |
[   15.794081] cloud-init[924]: ci-info: +-------+-------------+---------+-----------+-------+
[   15.836316] cloud-init[924]: ci-info: |   0   |  fe80::/64  |    ::   |   enp0s3  |   U   |
[   15.847500] cloud-init[924]: ci-info: |   3   |   ff00::/8  |    ::   |   enp0s3  |   U   |
[   15.856120] cloud-init[924]: ci-info: +-------+-------------+---------+-----------+-------+
[   15.864030] cloud-init[924]: Generating public/private rsa key pair.
[   15.881314] cloud-init[924]: Your identification has been saved in /etc/ssh/ssh_host_rsa_key.
[[0;32m  OK  [0m] Started Initial cloud-init job (metadata service crawler).
[   15.895932] cloud-init[924]: Your public key has been saved in /etc/ssh/ssh_host_rsa_key.pub.
[[0;32m  OK  [0m] Reached target Network is Online.
[   15.975593] cloud-init[924]: The key fingerprint is:
[   15.988360] cloud-init[924]: SHA256:8ZiJBEHe2Rb8tOpztMBPgTSZQdKp4qDFBZQkkHjN09I root@ubuntu-xenial
         Starting iSCSI initiator daemon (iscsid)...
[   16.002516] cloud-init[924]: The key's randomart image is:[[0;32m  OK  [0m] Reached target System Initialization.
[[0;32m  OK  [0m] Listening on ACPID Listen Socket.

[   16.188606] [cloud-init[0;32m  OK  [0m[924]: ] +---[RSA 2048]----+Started Daily apt download activities.

[   16.190466] [[0;32m  OK  [0m] Listening on D-Bus System Message Bus Socket.
cloud-init[924]: |=++*++.++=       |
[   16.241094] cloud-init[924]: |o.o.*oE+O..      |
[   16.248202] cloud-init[924]: | o ..o+o+= .     |
         [   16.260696] cloud-init[924]: |  + ...o.*+      |
[   16.263402] cloud-init[924]: | o o ...S...     |
[   16.263460] cloud-init[924]: |.   .   + o      |
[   16.263495] cloud-init[924]: |       . = .     |
[   16.263527] cloud-init[924]: |        o +      |
[   16.263561] cloud-init[924]: |         o       |
[   16.263594] cloud-init[924]: +----[SHA256]-----+
[   16.263626] cloud-init[924]: Generating public/private dsa key pair.
[   16.263658] cloud-init[924]: Your identification has been saved in /etc/ssh/ssh_host_dsa_key.
[   16.263691] cloud-init[924]: Your public key has been saved in /etc/ssh/ssh_host_dsa_key.pub.
[   16.263725] cloud-init[924]: The key fingerprint is:
[   16.263758] cloud-init[924]: SHA256:+9mZTRDSuCw/9QpCQ7ei4jL3oFSdntWZmFwUxCeW+uI root@ubuntu-xenial
[   16.263791] cloud-init[924]: The key's randomart image is:
[   16.263823] cloud-init[924]: +---[DSA 1024]----+
[   16.263858] cloud-init[924]: |         o+o     |
[   16.263891] cloud-init[924]: |         .=o.    |
[   16.263923] cloud-init[924]: |        .o=oo    |
[   16.263956] cloud-init[924]: |     . +.B * .   |
[   16.263988] cloud-init[924]: |    . o S.B o    |
Starting LXD - unix socket.
[[0;32m  OK  [0m] Started Daily apt upgrade and clean activities.
[[0;32m  OK  [0m] Started Daily Cleanup of Temporary Directories.
[   16.264158] cloud-init[924]: |   . . =.*.. o   |
[   16.557337] cloud-init[924]: |  . o +.o.+   o  |
[[0;32m  OK  [0m] Started ACPI Events Check.
[   16.569783] cloud-init[924]: | .oo.o  Eo = *   |
[   16.581822] cloud-init[924]: |  .+...   o = .  |
[[0;32m  OK  [0m] Reached target Paths.
[   16.582986] cloud-init[924]: +----[SHA256]-----+
[   16.609294] [cloud-init[0;32m  OK  [0m[924]: ] Generating public/private ecdsa key pair.Reached target Timers.

[   16.610904] cloud-init[924]: Your identification has been saved in /etc/ssh/ssh_host_ecdsa_key.
[   16.631861] cloud-init[[0;32m  OK  [0m[924]: ] Your public key has been saved in /etc/ssh/ssh_host_ecdsa_key.pub.Listening on UUID daemon activation socket.

         Starting Socket activation for snappy daemon.
[[0;32m  OK  [0m] Reached target Cloud-config availability.
[   16.654804] cloud-init[924]: The key fingerprint is:
[   16.676008] cloud-init[924]: SHA256:BZGBMi2Cqsgswa/gZxqnMjEMivvQq9v/BD8A0UZErPM root@ubuntu-xenial
[   16.711833] cloud-init[924]: The key's randomart image is:
[   16.717654] cloud-init[924]: +---[ECDSA 256]---+
[[   16.756978] cloud-init[924]: | ..*+. .++       |
[0;32m  OK  [0m[   16.758860] cloud-init[924]: ] |. ..B o ..       |Listening on LXD - unix socket.

[   16.770819] cloud-init[924]: |o .+ +    .      |
[   16.771965] cloud-init[924]: |+.o.     .       |
[   16.777136] cloud-init[924]: |X..oo   S        |
[   16.780416] cloud-init[924]: |X= .E+           |
[[   16.781933] [0;32m  OK  [0mcloud-init] [924]: Listening on Socket activation for snappy daemon.|==o.  +          |

[   16.782769] cloud-init[924]: |+=++ . .         |
[   16.925848] cloud-init[924]: |+BB....          |
[[   16.931190] cloud-init[924]: +----[SHA256]-----+
[0;32m  OK  [0m] Started iSCSI initiator daemon (iscsid).
[   16.938105] cloud-init[924]: Generating public/private ed25519 key pair.
[   16.962448] cloud-init[924]: Your identification has been saved in /etc/ssh/ssh_host_ed25519_key.
[   16.977252] cloud-init[924]: Your public key has been saved in /etc/ssh/ssh_host_ed25519_key.pub.
[   16.993507] cloud-init[924]: The key fingerprint is:
[   17.021785] cloud-init[924]: SHA256:pKsND6GdMokz4+/A8OOCmp/rcLeyolncm9qXSMYOxCY root@ubuntu-xenial
[   17.050635] cloud-init[924]: The key's randomart image is:
[   17.060834] cloud-init[924]: +--[ED25519 256]--+
[   17.073731] cloud-init[924]: |                 |
         Starting Login to default iSCSI targets...
[[   17.092154] cloud-init[924]: |                 |
[   17.113776] [0;32m  OK  [0m] Reached target Sockets.
[[0;32m  OK  [0m] Reached target Basic System.
         Starting LXD - container startup/shutdown...
cloud-init[924]: | .      .        |
[   17.138444]          Starting LSB: MD monitoring daemon...
         Starting Login Service...
cloud-init[924]: |E +    o         |
         Starting System Logging Service...
[   17.187766] cloud-init[924]: |.+ .. . S        |
[   17.243797] cloud-init[924]: |o+.=+o .         |
         Starting LSB: Record successful boot for GRUB...
[[0;32m  OK  [0m] Started Deferred execution scheduler.
[   17.262337] cloud-init[[0;32m  OK  [0m] Started ACPI event daemon.
[[0;32m  OK  [0m] Started D-Bus System Message Bus.
[924]: |Bo@=B...         |
[   17.298321] cloud-init[924]: |=@oBoXo          |
[   17.338138] cloud-init[924]: |B*@B*.o          |
[   17.349095] cloud-init[924]: +----[SHA256]-----+
         Starting /etc/rc.local Compatibility...
[[0;32m  OK  [0m] Started FUSE filesystem for LXC.
[[0;32m  OK  [0m] Started Regular background program processing daemon.
         Starting Accounts Service...
[[0;32m  OK  [0m] Started Unattended Upgrades Shutdown.
         Starting Pollinate to seed the pseudo random number generator...
         Starting Snappy daemon...
         Starting Virtualbox guest utils...
[[0;32m  OK  [0m] Started System Logging Service.
[[0;32m  OK  [0m] Started LXD - container startup/shutdown.
[[0;32m  OK  [0m] Started /etc/rc.local Compatibility.
[[0;32m  OK  [0m] Started Login to default iSCSI targets.
[[0;32m  OK  [0m] Started LSB: MD monitoring daemon.
[[0;32m  OK  [0m] Started Login Service.
         Starting Authenticate and Authorize Users to Run Privileged Tasks...
[[0;32m  OK  [0m] Reached target Remote File Systems (Pre).
[[0;32m  OK  [0m] Reached target Remote File Systems.
         Starting LSB: daemon to balance interrupts for SMP systems...
         Starting LSB: automatic crash report generation...
         Starting Permit User Sessions...
         Starting LSB: Set the CPU Frequency Scaling governor to "ondemand"...
[[0;32m  OK  [0m] Started LSB: Record successful boot for GRUB.
[[0;32m  OK  [0m] Started Permit User Sessions.
[[0;32m  OK  [0m] Started Snappy daemon.
[[0;32m  OK  [0m] Started Authenticate and Authorize Users to Run Privileged Tasks.
[[0;32m  OK  [0m] Started Virtualbox guest utils.
[[0;32m  OK  [0m] Started Accounts Service.
[[0;32m  OK  [0m] Started LSB: daemon to balance interrupts for SMP systems.
         Starting Wait until snapd is fully seeded...
         Starting Terminate Plymouth Boot Screen...
         Starting Hold until boot process finishes up...
[[0;32m  OK  [0m] Started LSB: automatic crash report generation.
[[0;32m  OK  [0m] Started LSB: Set the CPU Frequency Scaling governor to "ondemand".
[[0;32m  OK  [0m] Started Terminate Plymouth Boot Screen.
[[0;32m  OK  [0m] Started Hold until boot process finishes up.
         Starting Set console scheme...
[[0;32m  OK  [0m] Started Serial Getty on ttyS0.
[[0;32m  OK  [0m] Started Getty on tty1.
[[0;32m  OK  [0m] Reached target Login Prompts.
[[0;32m  OK  [0m] Started Set console scheme.
[[0;32m  OK  [0m] Started Pollinate to seed the pseudo random number generator.
         Starting OpenBSD Secure Shell server...
[[0;32m  OK  [0m] Started OpenBSD Secure Shell server.
[[0;32m  OK  [0m] Created slice User Slice of vagrant.
         Starting User Manager for UID 1000...
[[0;32m  OK  [0m] Started Session 1 of user vagrant.
[[0;32m  OK  [0m] Started User Manager for UID 1000.

Ubuntu 16.04.5 LTS ubuntu-xenial ttyS0

ubuntu-xenial login: [   26.584920] cloud-init[1354]: Generating locales (this might take a while)...
[   29.314582] cloud-init[1354]:   en_US.UTF-8... done
[   29.317391] cloud-init[1354]: Generation complete.
[   29.934430] cloud-init[1354]: Cloud-init v. 18.3-9-g2e62cb8a-0ubuntu1~16.04.2 running 'modules:config' at Fri, 24 May 2019 19:39:43 +0000. Up 25.93 seconds.
ci-info: no authorized ssh keys fingerprints found for user ubuntu.
<14>May 24 19:39:48 ec2: 
<14>May 24 19:39:48 ec2: #############################################################
<14>May 24 19:39:48 ec2: -----BEGIN SSH HOST KEY FINGERPRINTS-----
<14>May 24 19:39:48 ec2: 1024 SHA256:+9mZTRDSuCw/9QpCQ7ei4jL3oFSdntWZmFwUxCeW+uI root@ubuntu-xenial (DSA)
<14>May 24 19:39:48 ec2: 256 SHA256:BZGBMi2Cqsgswa/gZxqnMjEMivvQq9v/BD8A0UZErPM root@ubuntu-xenial (ECDSA)
<14>May 24 19:39:48 ec2: 256 SHA256:pKsND6GdMokz4+/A8OOCmp/rcLeyolncm9qXSMYOxCY root@ubuntu-xenial (ED25519)
<14>May 24 19:39:48 ec2: 2048 SHA256:8ZiJBEHe2Rb8tOpztMBPgTSZQdKp4qDFBZQkkHjN09I root@ubuntu-xenial (RSA)
<14>May 24 19:39:48 ec2: -----END SSH HOST KEY FINGERPRINTS-----
<14>May 24 19:39:48 ec2: #############################################################
-----BEGIN SSH HOST KEY KEYS-----
ecdsa-sha2-nistp256 AAAAE2VjZHNhLXNoYTItbmlzdHAyNTYAAAAIbmlzdHAyNTYAAABBBCKZMvW2+5N1kJA0T8xMmgMIjVMhneAIZUtNlM/1lVO0P0u87mTna552A1aUG7bS/qv7uNtRrlfGLUneF7IrIps= root@ubuntu-xenial
ssh-ed25519 AAAAC3NzaC1lZDI1NTE5AAAAIGW7Q8g5DQ236Skn28iAzV5SUZZQRc9PIp5rNMzUToin root@ubuntu-xenial
ssh-rsa AAAAB3NzaC1yc2EAAAADAQABAAABAQDWOBQRADX30TKf6Nts/+NYog97qrneOXNPijxKsud9KDK2L5Pj9Ck2onVoKy4TCAeRbfUQkEyschUNwmsVLIw8FroQn6h4qP79uEOMV6lM/Ii+jmnJvbEYovduXIBwNsO8PmnUU/Q0e603bQLagE+m6iS1prhiYjUgdWJCkrZnCerdhSeRfxdd8nzm0JW1t2qoSNUyHH6MRmskF1ROx9OOjZne4oMnBPdeclihStyVR7JYyehZbAbn1MJXL6ASyDRJTzyzLwERUV8bPKf9RiMIhvrM0RcIU5p/QoUIKMlpSxCDRKaqMtNbMZ0rTKKdzzvH+EU0XAXfvpoRDS6n3Wnn root@ubuntu-xenial
-----END SSH HOST KEY KEYS-----
[   30.868850] cloud-init[1621]: Cloud-init v. 18.3-9-g2e62cb8a-0ubuntu1~16.04.2 running 'modules:final' at Fri, 24 May 2019 19:39:48 +0000. Up 30.57 seconds.
[   30.869025] cloud-init[1621]: ci-info: no authorized ssh keys fingerprints found for user ubuntu.
[   30.869117] cloud-init[1621]: Cloud-init v. 18.3-9-g2e62cb8a-0ubuntu1~16.04.2 finished at Fri, 24 May 2019 19:39:48 +0000. Datasource DataSourceNoCloud [seed=/dev/sdb][dsmode=net].  Up 30.85 seconds
